phamminhkienbio@phamminhkienbio-VirtualBox ~/os2018 $ cd -
/home/phamminhkienbio
phamminhkienbio@phamminhkienbio-VirtualBox ~ $ echo hello world
hello world
phamminhkienbio@phamminhkienbio-VirtualBox ~ $ passwd
Changing password for phamminhkienbio.
(current) UNIX password: 
Enter new UNIX password: 
Retype new UNIX password: 
phamminhkienbio@phamminhkienbio-VirtualBox ~ $ date
Sat Jan 13 09:14:41 ICT 2018
phamminhkienbio@phamminhkienbio-VirtualBox ~ $ hostname
phamminhkienbio-VirtualBox
phamminhkienbio@phamminhkienbio-VirtualBox ~ $ arch
x86_64
phamminhkienbio@phamminhkienbio-VirtualBox ~ $ uname -a
Linux phamminhkienbio-VirtualBox 4.10.0-38-generic #42~16.04.1-Ubuntu SMP Tue Oct 10 16:32:20 UTC 2017 x86_64 x86_64 x86_64 GNU/Linux
phamminhkienbio@phamminhkienbio-VirtualBox ~ $ dmesg
[    0.000000] Linux version 4.10.0-38-generic (buildd@lgw01-amd64-059) (gcc version 5.4.0 20160609 (Ubuntu 5.4.0-6ubuntu1~16.04.4) ) #42~16.04.1-Ubuntu SMP Tue Oct 10 16:32:20 UTC 2017 (Ubuntu 4.10.0-38.42~16.04.1-generic 4.10.17)
[    0.000000] Command line: BOOT_IMAGE=/boot/vmlinuz-4.10.0-38-generic root=UUID=d5254757-e7f3-49d1-b078-b3afc149ffa6 ro quiet splash
[    0.000000] KERNEL supported cpus:
[    0.000000]   Intel GenuineIntel
[    0.000000]   AMD AuthenticAMD
[    0.000000]   Centaur CentaurHauls
[    0.000000] x86/fpu: Supporting XSAVE feature 0x001: 'x87 floating point registers'
[    0.000000] x86/fpu: Supporting XSAVE feature 0x002: 'SSE registers'
[    0.000000] x86/fpu: Supporting XSAVE feature 0x004: 'AVX registers'
[    0.000000] x86/fpu: xstate_offset[2]:  576, xstate_sizes[2]:  256
[    0.000000] x86/fpu: Enabled xstate features 0x7, context size is 832 bytes, using 'standard' format.
[    0.000000] e820: BIOS-provided physical RAM map:
[    0.000000] BIOS-e820: [mem 0x0000000000000000-0x000000000009fbff] usable
[    0.000000] BIOS-e820: [mem 0x000000000009fc00-0x000000000009ffff] reserved
[    0.000000] BIOS-e820: [mem 0x00000000000f0000-0x00000000000fffff] reserved
phamminhkienbio@phamminhkienbio-VirtualBox ~ $ uptime
 09:15:31 up 46 min,  1 user,  load average: 0,16, 0,24, 0,32

phamminhkienbio@phamminhkienbio-VirtualBox ~ $ whoami

phamminhkienbio@phamminhkienbio-VirtualBox ~ $ who
phamminhkienbio tty7         2018-01-13 08:28 (:0)

phamminhkienbio@phamminhkienbio-VirtualBox ~ $ id
uid=1000(phamminhkienbio) gid=1000(phamminhkienbio) groups=1000(phamminhkienbio),4(adm),24(cdrom),27(sudo),30(dip),46(plugdev),113(lpadmin),130(sambashare)

phamminhkienbio@phamminhkienbio-VirtualBox ~ $ last
phamminh tty7         :0               Sat Jan 13 08:28    gone - no logout
reboot   system boot  4.10.0-38-generi Sat Jan 13 08:27   still running
phamminh tty7         :0               Wed Jan 10 10:20 - crash (2+22:06)
reboot   system boot  4.10.0-38-generi Wed Jan 10 10:20   still running







































































































































































































































































































































































































































































































































































































wtmp begins Wed Jan 10 10:20:28 2018

phamminhkienbio@phamminhkienbio-VirtualBox ~ $ finger
The program 'finger' is currently not installed. You can install it by typing:
sudo apt install finger
phamminhkienbio@phamminhkienbio-VirtualBox ~ $ w
 09:16:18 up 47 min,  1 user,  load average: 0,07, 0,20, 0,30
USER     TTY      FROM             LOGIN@   IDLE   JCPU   PCPU WHAT
phamminh tty7     :0               08:28   48:25   1:31   0.52s cinnamon-sessio


